Archive member included because of file (symbol)

f:/eclipse/eclipse breakdown/eclipse toolchains/winavr/bin/../lib/gcc/avr/4.3.3/avr5\libgcc.a(_exit.o)
                              f:/eclipse/eclipse breakdown/eclipse toolchains/winavr/bin/../lib/gcc/avr/4.3.3/../../../../avr/lib/avr5/crtm32.o (exit)
f:/eclipse/eclipse breakdown/eclipse toolchains/winavr/bin/../lib/gcc/avr/4.3.3/avr5\libgcc.a(_copy_data.o)
                              ./Project/HAL/SW/SW_program.o (__do_copy_data)
f:/eclipse/eclipse breakdown/eclipse toolchains/winavr/bin/../lib/gcc/avr/4.3.3/avr5\libgcc.a(_clear_bss.o)
                              ./Project/MCAL/TIMER_0/Timer0_program.o (__do_clear_bss)
f:/eclipse/eclipse breakdown/eclipse toolchains/winavr/bin/../lib/gcc/avr/4.3.3/avr5\libgcc.a(_fixunssfsi.o)
                              ./Project/HAL/SW/SW_program.o (__fixunssfsi)
f:/eclipse/eclipse breakdown/eclipse toolchains/winavr/bin/../lib/gcc/avr/4.3.3/avr5\libgcc.a(_addsub_sf.o)
                              f:/eclipse/eclipse breakdown/eclipse toolchains/winavr/bin/../lib/gcc/avr/4.3.3/avr5\libgcc.a(_fixunssfsi.o) (__subsf3)
f:/eclipse/eclipse breakdown/eclipse toolchains/winavr/bin/../lib/gcc/avr/4.3.3/avr5\libgcc.a(_mul_sf.o)
                              ./Project/LIB/Mapping_program.o (__mulsf3)
f:/eclipse/eclipse breakdown/eclipse toolchains/winavr/bin/../lib/gcc/avr/4.3.3/avr5\libgcc.a(_div_sf.o)
                              ./Project/LIB/Mapping_program.o (__divsf3)
f:/eclipse/eclipse breakdown/eclipse toolchains/winavr/bin/../lib/gcc/avr/4.3.3/avr5\libgcc.a(_gt_sf.o)
                              ./Project/HAL/SW/SW_program.o (__gtsf2)
f:/eclipse/eclipse breakdown/eclipse toolchains/winavr/bin/../lib/gcc/avr/4.3.3/avr5\libgcc.a(_ge_sf.o)
                              f:/eclipse/eclipse breakdown/eclipse toolchains/winavr/bin/../lib/gcc/avr/4.3.3/avr5\libgcc.a(_fixunssfsi.o) (__gesf2)
f:/eclipse/eclipse breakdown/eclipse toolchains/winavr/bin/../lib/gcc/avr/4.3.3/avr5\libgcc.a(_lt_sf.o)
                              ./Project/HAL/SW/SW_program.o (__ltsf2)
f:/eclipse/eclipse breakdown/eclipse toolchains/winavr/bin/../lib/gcc/avr/4.3.3/avr5\libgcc.a(_si_to_sf.o)
                              ./Project/LIB/Mapping_program.o (__floatsisf)
f:/eclipse/eclipse breakdown/eclipse toolchains/winavr/bin/../lib/gcc/avr/4.3.3/avr5\libgcc.a(_sf_to_si.o)
                              ./Project/LIB/Mapping_program.o (__fixsfsi)
f:/eclipse/eclipse breakdown/eclipse toolchains/winavr/bin/../lib/gcc/avr/4.3.3/avr5\libgcc.a(_thenan_sf.o)
                              f:/eclipse/eclipse breakdown/eclipse toolchains/winavr/bin/../lib/gcc/avr/4.3.3/avr5\libgcc.a(_addsub_sf.o) (__thenan_sf)
f:/eclipse/eclipse breakdown/eclipse toolchains/winavr/bin/../lib/gcc/avr/4.3.3/avr5\libgcc.a(_prologue.o)
                              f:/eclipse/eclipse breakdown/eclipse toolchains/winavr/bin/../lib/gcc/avr/4.3.3/avr5\libgcc.a(_addsub_sf.o) (__prologue_saves__)
f:/eclipse/eclipse breakdown/eclipse toolchains/winavr/bin/../lib/gcc/avr/4.3.3/avr5\libgcc.a(_epilogue.o)
                              f:/eclipse/eclipse breakdown/eclipse toolchains/winavr/bin/../lib/gcc/avr/4.3.3/avr5\libgcc.a(_addsub_sf.o) (__epilogue_restores__)
f:/eclipse/eclipse breakdown/eclipse toolchains/winavr/bin/../lib/gcc/avr/4.3.3/avr5\libgcc.a(_clzsi2.o)
                              f:/eclipse/eclipse breakdown/eclipse toolchains/winavr/bin/../lib/gcc/avr/4.3.3/avr5\libgcc.a(_si_to_sf.o) (__clzsi2)
f:/eclipse/eclipse breakdown/eclipse toolchains/winavr/bin/../lib/gcc/avr/4.3.3/avr5\libgcc.a(_pack_sf.o)
                              f:/eclipse/eclipse breakdown/eclipse toolchains/winavr/bin/../lib/gcc/avr/4.3.3/avr5\libgcc.a(_addsub_sf.o) (__pack_f)
f:/eclipse/eclipse breakdown/eclipse toolchains/winavr/bin/../lib/gcc/avr/4.3.3/avr5\libgcc.a(_unpack_sf.o)
                              f:/eclipse/eclipse breakdown/eclipse toolchains/winavr/bin/../lib/gcc/avr/4.3.3/avr5\libgcc.a(_addsub_sf.o) (__unpack_f)
f:/eclipse/eclipse breakdown/eclipse toolchains/winavr/bin/../lib/gcc/avr/4.3.3/avr5\libgcc.a(_fpcmp_parts_sf.o)
                              f:/eclipse/eclipse breakdown/eclipse toolchains/winavr/bin/../lib/gcc/avr/4.3.3/avr5\libgcc.a(_gt_sf.o) (__fpcmp_parts_f)
f:/eclipse/eclipse breakdown/eclipse toolchains/winavr/bin/../lib/gcc/avr/4.3.3/avr5\libgcc.a(_clz.o)
                              f:/eclipse/eclipse breakdown/eclipse toolchains/winavr/bin/../lib/gcc/avr/4.3.3/avr5\libgcc.a(_clzsi2.o) (__clz_tab)

Memory Configuration

Name             Origin             Length             Attributes
text             0x00000000         0x00020000         xr
data             0x00800060         0x0000ffa0         rw !x
eeprom           0x00810000         0x00010000         rw !x
fuse             0x00820000         0x00000400         rw !x
lock             0x00830000         0x00000400         rw !x
signature        0x00840000         0x00000400         rw !x
*default*        0x00000000         0xffffffff

Linker script and memory map

LOAD f:/eclipse/eclipse breakdown/eclipse toolchains/winavr/bin/../lib/gcc/avr/4.3.3/../../../../avr/lib/avr5/crtm32.o
LOAD ./Project/MCAL/TIMER_0/Timer0_program.o
LOAD ./Project/MCAL/GIE/GIE_program.o
LOAD ./Project/MCAL/EXTI/EXTI_program.o
LOAD ./Project/MCAL/DIO/DIO_program.o
LOAD ./Project/LIB/Mapping_program.o
LOAD ./Project/HAL/SW/SW_program.o
LOAD ./Project/HAL/LED/Led_program.o
LOAD ./Project/APP/APP_program.o
LOAD ./Project/main.o
LOAD f:/eclipse/eclipse breakdown/eclipse toolchains/winavr/bin/../lib/gcc/avr/4.3.3/avr5\libgcc.a
LOAD f:/eclipse/eclipse breakdown/eclipse toolchains/winavr/bin/../lib/gcc/avr/4.3.3/../../../../avr/lib/avr5\libc.a
LOAD f:/eclipse/eclipse breakdown/eclipse toolchains/winavr/bin/../lib/gcc/avr/4.3.3/avr5\libgcc.a

.hash
 *(.hash)

.dynsym
 *(.dynsym)

.dynstr
 *(.dynstr)

.gnu.version
 *(.gnu.version)

.gnu.version_d
 *(.gnu.version_d)

.gnu.version_r
 *(.gnu.version_r)

.rel.init
 *(.rel.init)

.rela.init
 *(.rela.init)

.rel.text
 *(.rel.text)
 *(.rel.text.*)
 *(.rel.gnu.linkonce.t*)

.rela.text
 *(.rela.text)
 *(.rela.text.*)
 *(.rela.gnu.linkonce.t*)

.rel.fini
 *(.rel.fini)

.rela.fini
 *(.rela.fini)

.rel.rodata
 *(.rel.rodata)
 *(.rel.rodata.*)
 *(.rel.gnu.linkonce.r*)

.rela.rodata
 *(.rela.rodata)
 *(.rela.rodata.*)
 *(.rela.gnu.linkonce.r*)

.rel.data
 *(.rel.data)
 *(.rel.data.*)
 *(.rel.gnu.linkonce.d*)

.rela.data
 *(.rela.data)
 *(.rela.data.*)
 *(.rela.gnu.linkonce.d*)

.rel.ctors
 *(.rel.ctors)

.rela.ctors
 *(.rela.ctors)

.rel.dtors
 *(.rel.dtors)

.rela.dtors
 *(.rela.dtors)

.rel.got
 *(.rel.got)

.rela.got
 *(.rela.got)

.rel.bss
 *(.rel.bss)

.rela.bss
 *(.rela.bss)

.rel.plt
 *(.rel.plt)

.rela.plt
 *(.rela.plt)

.text           0x00000000     0x3104
 *(.vectors)
 .vectors       0x00000000       0x54 f:/eclipse/eclipse breakdown/eclipse toolchains/winavr/bin/../lib/gcc/avr/4.3.3/../../../../avr/lib/avr5/crtm32.o
                0x00000000                __vectors
                0x00000000                __vector_default
 *(.vectors)
 *(.progmem.gcc*)
 *(.progmem*)
                0x00000054                . = ALIGN (0x2)
                0x00000054                __trampolines_start = .
 *(.trampolines)
 .trampolines   0x00000054        0x0 linker stubs
 *(.trampolines*)
                0x00000054                __trampolines_end = .
 *(.jumptables)
 *(.jumptables*)
 *(.lowtext)
 *(.lowtext*)
                0x00000054                __ctors_start = .
 *(.ctors)
                0x00000054                __ctors_end = .
                0x00000054                __dtors_start = .
 *(.dtors)
                0x00000054                __dtors_end = .
 SORT(*)(.ctors)
 SORT(*)(.dtors)
 *(.init0)
 .init0         0x00000054        0x0 f:/eclipse/eclipse breakdown/eclipse toolchains/winavr/bin/../lib/gcc/avr/4.3.3/../../../../avr/lib/avr5/crtm32.o
                0x00000054                __init
 *(.init0)
 *(.init1)
 *(.init1)
 *(.init2)
 .init2         0x00000054        0xc f:/eclipse/eclipse breakdown/eclipse toolchains/winavr/bin/../lib/gcc/avr/4.3.3/../../../../avr/lib/avr5/crtm32.o
 *(.init2)
 *(.init3)
 *(.init3)
 *(.init4)
 .init4         0x00000060       0x16 f:/eclipse/eclipse breakdown/eclipse toolchains/winavr/bin/../lib/gcc/avr/4.3.3/avr5\libgcc.a(_copy_data.o)
                0x00000060                __do_copy_data
 .init4         0x00000076       0x10 f:/eclipse/eclipse breakdown/eclipse toolchains/winavr/bin/../lib/gcc/avr/4.3.3/avr5\libgcc.a(_clear_bss.o)
                0x00000076                __do_clear_bss
 *(.init4)
 *(.init5)
 *(.init5)
 *(.init6)
 *(.init6)
 *(.init7)
 *(.init7)
 *(.init8)
 *(.init8)
 *(.init9)
 .init9         0x00000086        0x8 f:/eclipse/eclipse breakdown/eclipse toolchains/winavr/bin/../lib/gcc/avr/4.3.3/../../../../avr/lib/avr5/crtm32.o
 *(.init9)
 *(.text)
 .text          0x0000008e        0x4 f:/eclipse/eclipse breakdown/eclipse toolchains/winavr/bin/../lib/gcc/avr/4.3.3/../../../../avr/lib/avr5/crtm32.o
                0x0000008e                __vector_12
                0x0000008e                __bad_interrupt
                0x0000008e                __vector_6
                0x0000008e                __vector_13
                0x0000008e                __vector_17
                0x0000008e                __vector_19
                0x0000008e                __vector_7
                0x0000008e                __vector_5
                0x0000008e                __vector_4
                0x0000008e                __vector_9
                0x0000008e                __vector_15
                0x0000008e                __vector_8
                0x0000008e                __vector_14
                0x0000008e                __vector_16
                0x0000008e                __vector_18
                0x0000008e                __vector_20
 .text          0x00000092        0x0 ./Project/MCAL/TIMER_0/Timer0_program.o
 .text          0x00000092        0x0 ./Project/MCAL/GIE/GIE_program.o
 .text          0x00000092        0x0 ./Project/MCAL/EXTI/EXTI_program.o
 .text          0x00000092        0x0 ./Project/MCAL/DIO/DIO_program.o
 .text          0x00000092        0x0 ./Project/LIB/Mapping_program.o
 .text          0x00000092        0x0 ./Project/HAL/SW/SW_program.o
 .text          0x00000092        0x0 ./Project/HAL/LED/Led_program.o
 .text          0x00000092        0x0 ./Project/APP/APP_program.o
 .text          0x00000092        0x0 ./Project/main.o
 .text          0x00000092        0x0 f:/eclipse/eclipse breakdown/eclipse toolchains/winavr/bin/../lib/gcc/avr/4.3.3/avr5\libgcc.a(_exit.o)
 .text          0x00000092        0x0 f:/eclipse/eclipse breakdown/eclipse toolchains/winavr/bin/../lib/gcc/avr/4.3.3/avr5\libgcc.a(_copy_data.o)
 .text          0x00000092        0x0 f:/eclipse/eclipse breakdown/eclipse toolchains/winavr/bin/../lib/gcc/avr/4.3.3/avr5\libgcc.a(_clear_bss.o)
 .text          0x00000092       0x58 f:/eclipse/eclipse breakdown/eclipse toolchains/winavr/bin/../lib/gcc/avr/4.3.3/avr5\libgcc.a(_fixunssfsi.o)
                0x00000092                __fixunssfsi
 .text          0x000000ea      0x354 f:/eclipse/eclipse breakdown/eclipse toolchains/winavr/bin/../lib/gcc/avr/4.3.3/avr5\libgcc.a(_addsub_sf.o)
                0x00000382                __subsf3
                0x000003e4                __addsf3
 .text          0x0000043e      0x1f4 f:/eclipse/eclipse breakdown/eclipse toolchains/winavr/bin/../lib/gcc/avr/4.3.3/avr5\libgcc.a(_mul_sf.o)
                0x0000043e                __mulsf3
 .text          0x00000632      0x158 f:/eclipse/eclipse breakdown/eclipse toolchains/winavr/bin/../lib/gcc/avr/4.3.3/avr5\libgcc.a(_div_sf.o)
                0x00000632                __divsf3
 .text          0x0000078a       0x60 f:/eclipse/eclipse breakdown/eclipse toolchains/winavr/bin/../lib/gcc/avr/4.3.3/avr5\libgcc.a(_gt_sf.o)
                0x0000078a                __gtsf2
 .text          0x000007ea       0x60 f:/eclipse/eclipse breakdown/eclipse toolchains/winavr/bin/../lib/gcc/avr/4.3.3/avr5\libgcc.a(_ge_sf.o)
                0x000007ea                __gesf2
 .text          0x0000084a       0x60 f:/eclipse/eclipse breakdown/eclipse toolchains/winavr/bin/../lib/gcc/avr/4.3.3/avr5\libgcc.a(_lt_sf.o)
                0x0000084a                __ltsf2
 .text          0x000008aa       0xbc f:/eclipse/eclipse breakdown/eclipse toolchains/winavr/bin/../lib/gcc/avr/4.3.3/avr5\libgcc.a(_si_to_sf.o)
                0x000008aa                __floatsisf
 .text          0x00000966       0xa8 f:/eclipse/eclipse breakdown/eclipse toolchains/winavr/bin/../lib/gcc/avr/4.3.3/avr5\libgcc.a(_sf_to_si.o)
                0x00000966                __fixsfsi
 .text          0x00000a0e        0x0 f:/eclipse/eclipse breakdown/eclipse toolchains/winavr/bin/../lib/gcc/avr/4.3.3/avr5\libgcc.a(_thenan_sf.o)
 .text          0x00000a0e        0x0 f:/eclipse/eclipse breakdown/eclipse toolchains/winavr/bin/../lib/gcc/avr/4.3.3/avr5\libgcc.a(_prologue.o)
 .text          0x00000a0e        0x0 f:/eclipse/eclipse breakdown/eclipse toolchains/winavr/bin/../lib/gcc/avr/4.3.3/avr5\libgcc.a(_epilogue.o)
 .text          0x00000a0e       0x9e f:/eclipse/eclipse breakdown/eclipse toolchains/winavr/bin/../lib/gcc/avr/4.3.3/avr5\libgcc.a(_clzsi2.o)
                0x00000a0e                __clzsi2
 .text          0x00000aac      0x1aa f:/eclipse/eclipse breakdown/eclipse toolchains/winavr/bin/../lib/gcc/avr/4.3.3/avr5\libgcc.a(_pack_sf.o)
                0x00000aac                __pack_f
 .text          0x00000c56       0xf0 f:/eclipse/eclipse breakdown/eclipse toolchains/winavr/bin/../lib/gcc/avr/4.3.3/avr5\libgcc.a(_unpack_sf.o)
                0x00000c56                __unpack_f
 .text          0x00000d46       0xb2 f:/eclipse/eclipse breakdown/eclipse toolchains/winavr/bin/../lib/gcc/avr/4.3.3/avr5\libgcc.a(_fpcmp_parts_sf.o)
                0x00000d46                __fpcmp_parts_f
 .text          0x00000df8        0x0 f:/eclipse/eclipse breakdown/eclipse toolchains/winavr/bin/../lib/gcc/avr/4.3.3/avr5\libgcc.a(_clz.o)
                0x00000df8                . = ALIGN (0x2)
 *(.text.*)
 .text.TIMER0_voidInit
                0x00000df8       0x5a ./Project/MCAL/TIMER_0/Timer0_program.o
                0x00000df8                TIMER0_voidInit
 .text.TIMER0_voidSetPreloadValue
                0x00000e52       0x1c ./Project/MCAL/TIMER_0/Timer0_program.o
                0x00000e52                TIMER0_voidSetPreloadValue
 .text.TIMER0_voidSetCompMatchValue
                0x00000e6e       0x1c ./Project/MCAL/TIMER_0/Timer0_program.o
                0x00000e6e                TIMER0_voidSetCompMatchValue
 .text.TIMER0_u8GetTimerCounterValue
                0x00000e8a       0x14 ./Project/MCAL/TIMER_0/Timer0_program.o
                0x00000e8a                TIMER0_u8GetTimerCounterValue
 .text.TIMER0_voidStopTimer
                0x00000e9e       0x14 ./Project/MCAL/TIMER_0/Timer0_program.o
                0x00000e9e                TIMER0_voidStopTimer
 .text.TIMER0_voidDelay_ms_
                0x00000eb2       0x86 ./Project/MCAL/TIMER_0/Timer0_program.o
                0x00000eb2                TIMER0_voidDelay_ms_
 .text.TIMER0_u8SetCallBackCTCMode
                0x00000f38       0x3a ./Project/MCAL/TIMER_0/Timer0_program.o
                0x00000f38                TIMER0_u8SetCallBackCTCMode
 .text.__vector_10
                0x00000f72       0x66 ./Project/MCAL/TIMER_0/Timer0_program.o
                0x00000f72                __vector_10
 .text.TIMER0_u8SetCallBackOverFlowMode
                0x00000fd8       0x3a ./Project/MCAL/TIMER_0/Timer0_program.o
                0x00000fd8                TIMER0_u8SetCallBackOverFlowMode
 .text.__vector_11
                0x00001012       0x8c ./Project/MCAL/TIMER_0/Timer0_program.o
                0x00001012                __vector_11
 .text.GIE_voidEnable
                0x0000109e       0x1c ./Project/MCAL/GIE/GIE_program.o
                0x0000109e                GIE_voidEnable
 .text.GIE_voidDisable
                0x000010ba       0x1c ./Project/MCAL/GIE/GIE_program.o
                0x000010ba                GIE_voidDisable
 .text.EXTI_voidINT0Init
                0x000010d6       0x38 ./Project/MCAL/EXTI/EXTI_program.o
                0x000010d6                EXTI_voidINT0Init
 .text.EXTI_voidINT1Init
                0x0000110e       0x38 ./Project/MCAL/EXTI/EXTI_program.o
                0x0000110e                EXTI_voidINT1Init
 .text.EXTI_voidINT2Init
                0x00001146       0x2a ./Project/MCAL/EXTI/EXTI_program.o
                0x00001146                EXTI_voidINT2Init
 .text.EXTI_u8ExtIEnable
                0x00001170      0x2aa ./Project/MCAL/EXTI/EXTI_program.o
                0x00001170                EXTI_u8ExtIEnable
 .text.EXTI_u8ExtIDisable
                0x0000141a       0x7a ./Project/MCAL/EXTI/EXTI_program.o
                0x0000141a                EXTI_u8ExtIDisable
 .text.EXTI_u8ExtISetCallBackINT0
                0x00001494       0x3a ./Project/MCAL/EXTI/EXTI_program.o
                0x00001494                EXTI_u8ExtISetCallBackINT0
 .text.EXTI_u8ExtISetCallBackINT1
                0x000014ce       0x3a ./Project/MCAL/EXTI/EXTI_program.o
                0x000014ce                EXTI_u8ExtISetCallBackINT1
 .text.EXTI_u8ExtISetCallBackINT2
                0x00001508       0x3a ./Project/MCAL/EXTI/EXTI_program.o
                0x00001508                EXTI_u8ExtISetCallBackINT2
 .text.__vector_1
                0x00001542       0x66 ./Project/MCAL/EXTI/EXTI_program.o
                0x00001542                __vector_1
 .text.__vector_2
                0x000015a8       0x66 ./Project/MCAL/EXTI/EXTI_program.o
                0x000015a8                __vector_2
 .text.__vector_3
                0x0000160e       0x66 ./Project/MCAL/EXTI/EXTI_program.o
                0x0000160e                __vector_3
 .text.DIO_enumSetPinDirection
                0x00001674      0x21e ./Project/MCAL/DIO/DIO_program.o
                0x00001674                DIO_enumSetPinDirection
 .text.DIO_enumSetPinValue
                0x00001892      0x21e ./Project/MCAL/DIO/DIO_program.o
                0x00001892                DIO_enumSetPinValue
 .text.DIO_enumGetPinValue
                0x00001ab0      0x128 ./Project/MCAL/DIO/DIO_program.o
                0x00001ab0                DIO_enumGetPinValue
 .text.DIO_enumTogglePinValue
                0x00001bd8      0x118 ./Project/MCAL/DIO/DIO_program.o
                0x00001bd8                DIO_enumTogglePinValue
 .text.DIO_enumSetPortDirection
                0x00001cf0      0x10e ./Project/MCAL/DIO/DIO_program.o
                0x00001cf0                DIO_enumSetPortDirection
 .text.DIO_enumSetPortValue
                0x00001dfe       0x96 ./Project/MCAL/DIO/DIO_program.o
                0x00001dfe                DIO_enumSetPortValue
 .text.DIO_enumTogglePortValue
                0x00001e94       0xaa ./Project/MCAL/DIO/DIO_program.o
                0x00001e94                DIO_enumTogglePortValue
 .text.DIO_enumSetHighNibbleDirection
                0x00001f3e      0x14a ./Project/MCAL/DIO/DIO_program.o
                0x00001f3e                DIO_enumSetHighNibbleDirection
 .text.DIO_enumSetHighNibbleValue
                0x00002088      0x18a ./Project/MCAL/DIO/DIO_program.o
                0x00002088                DIO_enumSetHighNibbleValue
 .text.DIO_enumSetLowNibbleDirection
                0x00002212      0x14a ./Project/MCAL/DIO/DIO_program.o
                0x00002212                DIO_enumSetLowNibbleDirection
 .text.DIO_enumSetLowNibbleValue
                0x0000235c      0x18a ./Project/MCAL/DIO/DIO_program.o
                0x0000235c                DIO_enumSetLowNibbleValue
 .text.MAPPING_s32GetOutput
                0x000024e6      0x166 ./Project/LIB/Mapping_program.o
                0x000024e6                MAPPING_s32GetOutput
 .text.SW_voidPinInit
                0x0000264c       0x4a ./Project/HAL/SW/SW_program.o
                0x0000264c                SW_voidPinInit
 .text.SW_u8GetPressed
                0x00002696      0x452 ./Project/HAL/SW/SW_program.o
                0x00002696                SW_u8GetPressed
 .text.LED_voidPinInit
                0x00002ae8       0x2c ./Project/HAL/LED/Led_program.o
                0x00002ae8                LED_voidPinInit
 .text.LED_voidPinTurnOn
                0x00002b14       0x56 ./Project/HAL/LED/Led_program.o
                0x00002b14                LED_voidPinTurnOn
 .text.LED_voidPinTurnOff
                0x00002b6a       0x56 ./Project/HAL/LED/Led_program.o
                0x00002b6a                LED_voidPinTurnOff
 .text.LED_voidPinToggle
                0x00002bc0       0x2a ./Project/HAL/LED/Led_program.o
                0x00002bc0                LED_voidPinToggle
 .text.LED_voidPortInit
                0x00002bea       0x24 ./Project/HAL/LED/Led_program.o
                0x00002bea                LED_voidPortInit
 .text.LED_voidPortTurnOn
                0x00002c0e       0x46 ./Project/HAL/LED/Led_program.o
                0x00002c0e                LED_voidPortTurnOn
 .text.LED_voidPortTurnOff
                0x00002c54       0x46 ./Project/HAL/LED/Led_program.o
                0x00002c54                LED_voidPortTurnOff
 .text.LED_voidPortToggle
                0x00002c9a       0x22 ./Project/HAL/LED/Led_program.o
                0x00002c9a                LED_voidPortToggle
 .text.LED_voidPortSetValue
                0x00002cbc       0x4c ./Project/HAL/LED/Led_program.o
                0x00002cbc                LED_voidPortSetValue
 .text.APP_voidInit
                0x00002d08       0x7c ./Project/APP/APP_program.o
                0x00002d08                APP_voidInit
 .text.APP_voidStartTrifficLight
                0x00002d84      0x18a ./Project/APP/APP_program.o
                0x00002d84                APP_voidStartTrifficLight
 .text.ButtonEXTI_voidTrafficLightState_Street
                0x00002f0e       0x20 ./Project/APP/APP_program.o
                0x00002f0e                ButtonEXTI_voidTrafficLightState_Street
 .text.Car_voidGREENLED_S1
                0x00002f2e       0x26 ./Project/APP/APP_program.o
                0x00002f2e                Car_voidGREENLED_S1
 .text.Car_voidYallowLED
                0x00002f54       0x3e ./Project/APP/APP_program.o
                0x00002f54                Car_voidYallowLED
 .text.Car_voidRedLED_S1
                0x00002f92       0x26 ./Project/APP/APP_program.o
                0x00002f92                Car_voidRedLED_S1
 .text.PEDESTRIAN_voidGREENLED_S1
                0x00002fb8       0x1e ./Project/APP/APP_program.o
                0x00002fb8                PEDESTRIAN_voidGREENLED_S1
 .text.PEDESTRIAN_voidREDLED_S1
                0x00002fd6       0x1e ./Project/APP/APP_program.o
                0x00002fd6                PEDESTRIAN_voidREDLED_S1
 .text.Car_voidGREENLED_S2
                0x00002ff4       0x26 ./Project/APP/APP_program.o
                0x00002ff4                Car_voidGREENLED_S2
 .text.Car_voidRedLED_S2
                0x0000301a       0x26 ./Project/APP/APP_program.o
                0x0000301a                Car_voidRedLED_S2
 .text.PEDESTRIAN_voidGREENLED_S2
                0x00003040       0x1e ./Project/APP/APP_program.o
                0x00003040                PEDESTRIAN_voidGREENLED_S2
 .text.PEDESTRIAN_voidREDLED_S2
                0x0000305e       0x1e ./Project/APP/APP_program.o
                0x0000305e                PEDESTRIAN_voidREDLED_S2
 .text.main     0x0000307c       0x16 ./Project/main.o
                0x0000307c                main
 .text.libgcc   0x00003092        0x0 f:/eclipse/eclipse breakdown/eclipse toolchains/winavr/bin/../lib/gcc/avr/4.3.3/avr5\libgcc.a(_exit.o)
 .text.libgcc   0x00003092        0x0 f:/eclipse/eclipse breakdown/eclipse toolchains/winavr/bin/../lib/gcc/avr/4.3.3/avr5\libgcc.a(_copy_data.o)
 .text.libgcc   0x00003092        0x0 f:/eclipse/eclipse breakdown/eclipse toolchains/winavr/bin/../lib/gcc/avr/4.3.3/avr5\libgcc.a(_clear_bss.o)
 .text.libgcc   0x00003092       0x38 f:/eclipse/eclipse breakdown/eclipse toolchains/winavr/bin/../lib/gcc/avr/4.3.3/avr5\libgcc.a(_prologue.o)
                0x00003092                __prologue_saves__
 .text.libgcc   0x000030ca       0x36 f:/eclipse/eclipse breakdown/eclipse toolchains/winavr/bin/../lib/gcc/avr/4.3.3/avr5\libgcc.a(_epilogue.o)
                0x000030ca                __epilogue_restores__
                0x00003100                . = ALIGN (0x2)
 *(.fini9)
 .fini9         0x00003100        0x0 f:/eclipse/eclipse breakdown/eclipse toolchains/winavr/bin/../lib/gcc/avr/4.3.3/avr5\libgcc.a(_exit.o)
                0x00003100                exit
                0x00003100                _exit
 *(.fini9)
 *(.fini8)
 *(.fini8)
 *(.fini7)
 *(.fini7)
 *(.fini6)
 *(.fini6)
 *(.fini5)
 *(.fini5)
 *(.fini4)
 *(.fini4)
 *(.fini3)
 *(.fini3)
 *(.fini2)
 *(.fini2)
 *(.fini1)
 *(.fini1)
 *(.fini0)
 .fini0         0x00003100        0x4 f:/eclipse/eclipse breakdown/eclipse toolchains/winavr/bin/../lib/gcc/avr/4.3.3/avr5\libgcc.a(_exit.o)
 *(.fini0)
                0x00003104                _etext = .

.data           0x00800060      0x12a load address 0x00003104
                0x00800060                PROVIDE (__data_start, .)
 *(.data)
 .data          0x00800060        0x0 f:/eclipse/eclipse breakdown/eclipse toolchains/winavr/bin/../lib/gcc/avr/4.3.3/../../../../avr/lib/avr5/crtm32.o
 .data          0x00800060        0x0 ./Project/MCAL/TIMER_0/Timer0_program.o
 .data          0x00800060        0x0 ./Project/MCAL/GIE/GIE_program.o
 .data          0x00800060        0x0 ./Project/MCAL/EXTI/EXTI_program.o
 .data          0x00800060        0x0 ./Project/MCAL/DIO/DIO_program.o
 .data          0x00800060        0x0 ./Project/LIB/Mapping_program.o
 .data          0x00800060        0x0 ./Project/HAL/SW/SW_program.o
 .data          0x00800060        0x0 ./Project/HAL/LED/Led_program.o
 .data          0x00800060        0x0 ./Project/APP/APP_program.o
 .data          0x00800060        0x0 ./Project/main.o
 .data          0x00800060        0x0 f:/eclipse/eclipse breakdown/eclipse toolchains/winavr/bin/../lib/gcc/avr/4.3.3/avr5\libgcc.a(_exit.o)
 .data          0x00800060        0x0 f:/eclipse/eclipse breakdown/eclipse toolchains/winavr/bin/../lib/gcc/avr/4.3.3/avr5\libgcc.a(_copy_data.o)
 .data          0x00800060        0x0 f:/eclipse/eclipse breakdown/eclipse toolchains/winavr/bin/../lib/gcc/avr/4.3.3/avr5\libgcc.a(_clear_bss.o)
 .data          0x00800060        0x0 f:/eclipse/eclipse breakdown/eclipse toolchains/winavr/bin/../lib/gcc/avr/4.3.3/avr5\libgcc.a(_fixunssfsi.o)
 .data          0x00800060        0x0 f:/eclipse/eclipse breakdown/eclipse toolchains/winavr/bin/../lib/gcc/avr/4.3.3/avr5\libgcc.a(_addsub_sf.o)
 .data          0x00800060        0x0 f:/eclipse/eclipse breakdown/eclipse toolchains/winavr/bin/../lib/gcc/avr/4.3.3/avr5\libgcc.a(_mul_sf.o)
 .data          0x00800060        0x0 f:/eclipse/eclipse breakdown/eclipse toolchains/winavr/bin/../lib/gcc/avr/4.3.3/avr5\libgcc.a(_div_sf.o)
 .data          0x00800060        0x0 f:/eclipse/eclipse breakdown/eclipse toolchains/winavr/bin/../lib/gcc/avr/4.3.3/avr5\libgcc.a(_gt_sf.o)
 .data          0x00800060        0x0 f:/eclipse/eclipse breakdown/eclipse toolchains/winavr/bin/../lib/gcc/avr/4.3.3/avr5\libgcc.a(_ge_sf.o)
 .data          0x00800060        0x0 f:/eclipse/eclipse breakdown/eclipse toolchains/winavr/bin/../lib/gcc/avr/4.3.3/avr5\libgcc.a(_lt_sf.o)
 .data          0x00800060        0x0 f:/eclipse/eclipse breakdown/eclipse toolchains/winavr/bin/../lib/gcc/avr/4.3.3/avr5\libgcc.a(_si_to_sf.o)
 .data          0x00800060        0x0 f:/eclipse/eclipse breakdown/eclipse toolchains/winavr/bin/../lib/gcc/avr/4.3.3/avr5\libgcc.a(_sf_to_si.o)
 .data          0x00800060        0x8 f:/eclipse/eclipse breakdown/eclipse toolchains/winavr/bin/../lib/gcc/avr/4.3.3/avr5\libgcc.a(_thenan_sf.o)
                0x00800060                __thenan_sf
 .data          0x00800068        0x0 f:/eclipse/eclipse breakdown/eclipse toolchains/winavr/bin/../lib/gcc/avr/4.3.3/avr5\libgcc.a(_prologue.o)
 .data          0x00800068        0x0 f:/eclipse/eclipse breakdown/eclipse toolchains/winavr/bin/../lib/gcc/avr/4.3.3/avr5\libgcc.a(_epilogue.o)
 .data          0x00800068        0x0 f:/eclipse/eclipse breakdown/eclipse toolchains/winavr/bin/../lib/gcc/avr/4.3.3/avr5\libgcc.a(_clzsi2.o)
 .data          0x00800068        0x0 f:/eclipse/eclipse breakdown/eclipse toolchains/winavr/bin/../lib/gcc/avr/4.3.3/avr5\libgcc.a(_pack_sf.o)
 .data          0x00800068        0x0 f:/eclipse/eclipse breakdown/eclipse toolchains/winavr/bin/../lib/gcc/avr/4.3.3/avr5\libgcc.a(_unpack_sf.o)
 .data          0x00800068        0x0 f:/eclipse/eclipse breakdown/eclipse toolchains/winavr/bin/../lib/gcc/avr/4.3.3/avr5\libgcc.a(_fpcmp_parts_sf.o)
 .data          0x00800068      0x100 f:/eclipse/eclipse breakdown/eclipse toolchains/winavr/bin/../lib/gcc/avr/4.3.3/avr5\libgcc.a(_clz.o)
                0x00800068                __clz_tab
 *(.data*)
 .data.Local_u8Result.1330
                0x00800168        0x1 ./Project/HAL/SW/SW_program.o
 .data.Local_u8PinVal.1329
                0x00800169        0x1 ./Project/HAL/SW/SW_program.o
 .data.ActiveStreet
                0x0080016a        0x1 ./Project/APP/APP_program.o
                0x0080016a                ActiveStreet
 .data.LED_CAR_GREEN_S1
                0x0080016b        0x3 ./Project/APP/APP_program.o
                0x0080016b                LED_CAR_GREEN_S1
 .data.LED_CAR_YELLOW_S1
                0x0080016e        0x3 ./Project/APP/APP_program.o
                0x0080016e                LED_CAR_YELLOW_S1
 .data.LED_CAR_RED_S1
                0x00800171        0x3 ./Project/APP/APP_program.o
                0x00800171                LED_CAR_RED_S1
 .data.LED_PEDESTRIAN_GREEN_S1
                0x00800174        0x3 ./Project/APP/APP_program.o
                0x00800174                LED_PEDESTRIAN_GREEN_S1
 .data.LED_PEDESTRIAN_RED_S1
                0x00800177        0x3 ./Project/APP/APP_program.o
                0x00800177                LED_PEDESTRIAN_RED_S1
 .data.LED_CAR_GREEN_S2
                0x0080017a        0x3 ./Project/APP/APP_program.o
                0x0080017a                LED_CAR_GREEN_S2
 .data.LED_CAR_YELLOW_S2
                0x0080017d        0x3 ./Project/APP/APP_program.o
                0x0080017d                LED_CAR_YELLOW_S2
 .data.LED_CAR_RED_S2
                0x00800180        0x3 ./Project/APP/APP_program.o
                0x00800180                LED_CAR_RED_S2
 .data.LED_PEDESTRIAN_GREEN_S2
                0x00800183        0x3 ./Project/APP/APP_program.o
                0x00800183                LED_PEDESTRIAN_GREEN_S2
 .data.LED_PEDESTRIAN_RED_S2
                0x00800186        0x3 ./Project/APP/APP_program.o
                0x00800186                LED_PEDESTRIAN_RED_S2
 *(.rodata)
 *(.rodata*)
 *(.gnu.linkonce.d*)
                0x0080018a                . = ALIGN (0x2)
 *fill*         0x00800189        0x1 00
                0x0080018a                _edata = .
                0x0080018a                PROVIDE (__data_end, .)

.bss            0x0080018a        0xf
                0x0080018a                PROVIDE (__bss_start, .)
 *(.bss)
 .bss           0x0080018a        0x0 f:/eclipse/eclipse breakdown/eclipse toolchains/winavr/bin/../lib/gcc/avr/4.3.3/../../../../avr/lib/avr5/crtm32.o
 .bss           0x0080018a        0x0 ./Project/MCAL/TIMER_0/Timer0_program.o
 .bss           0x0080018a        0x0 ./Project/MCAL/GIE/GIE_program.o
 .bss           0x0080018a        0x0 ./Project/MCAL/EXTI/EXTI_program.o
 .bss           0x0080018a        0x0 ./Project/MCAL/DIO/DIO_program.o
 .bss           0x0080018a        0x0 ./Project/LIB/Mapping_program.o
 .bss           0x0080018a        0x0 ./Project/HAL/SW/SW_program.o
 .bss           0x0080018a        0x0 ./Project/HAL/LED/Led_program.o
 .bss           0x0080018a        0x0 ./Project/APP/APP_program.o
 .bss           0x0080018a        0x0 ./Project/main.o
 .bss           0x0080018a        0x0 f:/eclipse/eclipse breakdown/eclipse toolchains/winavr/bin/../lib/gcc/avr/4.3.3/avr5\libgcc.a(_exit.o)
 .bss           0x0080018a        0x0 f:/eclipse/eclipse breakdown/eclipse toolchains/winavr/bin/../lib/gcc/avr/4.3.3/avr5\libgcc.a(_copy_data.o)
 .bss           0x0080018a        0x0 f:/eclipse/eclipse breakdown/eclipse toolchains/winavr/bin/../lib/gcc/avr/4.3.3/avr5\libgcc.a(_clear_bss.o)
 .bss           0x0080018a        0x0 f:/eclipse/eclipse breakdown/eclipse toolchains/winavr/bin/../lib/gcc/avr/4.3.3/avr5\libgcc.a(_fixunssfsi.o)
 .bss           0x0080018a        0x0 f:/eclipse/eclipse breakdown/eclipse toolchains/winavr/bin/../lib/gcc/avr/4.3.3/avr5\libgcc.a(_addsub_sf.o)
 .bss           0x0080018a        0x0 f:/eclipse/eclipse breakdown/eclipse toolchains/winavr/bin/../lib/gcc/avr/4.3.3/avr5\libgcc.a(_mul_sf.o)
 .bss           0x0080018a        0x0 f:/eclipse/eclipse breakdown/eclipse toolchains/winavr/bin/../lib/gcc/avr/4.3.3/avr5\libgcc.a(_div_sf.o)
 .bss           0x0080018a        0x0 f:/eclipse/eclipse breakdown/eclipse toolchains/winavr/bin/../lib/gcc/avr/4.3.3/avr5\libgcc.a(_gt_sf.o)
 .bss           0x0080018a        0x0 f:/eclipse/eclipse breakdown/eclipse toolchains/winavr/bin/../lib/gcc/avr/4.3.3/avr5\libgcc.a(_ge_sf.o)
 .bss           0x0080018a        0x0 f:/eclipse/eclipse breakdown/eclipse toolchains/winavr/bin/../lib/gcc/avr/4.3.3/avr5\libgcc.a(_lt_sf.o)
 .bss           0x0080018a        0x0 f:/eclipse/eclipse breakdown/eclipse toolchains/winavr/bin/../lib/gcc/avr/4.3.3/avr5\libgcc.a(_si_to_sf.o)
 .bss           0x0080018a        0x0 f:/eclipse/eclipse breakdown/eclipse toolchains/winavr/bin/../lib/gcc/avr/4.3.3/avr5\libgcc.a(_sf_to_si.o)
 .bss           0x0080018a        0x0 f:/eclipse/eclipse breakdown/eclipse toolchains/winavr/bin/../lib/gcc/avr/4.3.3/avr5\libgcc.a(_thenan_sf.o)
 .bss           0x0080018a        0x0 f:/eclipse/eclipse breakdown/eclipse toolchains/winavr/bin/../lib/gcc/avr/4.3.3/avr5\libgcc.a(_prologue.o)
 .bss           0x0080018a        0x0 f:/eclipse/eclipse breakdown/eclipse toolchains/winavr/bin/../lib/gcc/avr/4.3.3/avr5\libgcc.a(_epilogue.o)
 .bss           0x0080018a        0x0 f:/eclipse/eclipse breakdown/eclipse toolchains/winavr/bin/../lib/gcc/avr/4.3.3/avr5\libgcc.a(_clzsi2.o)
 .bss           0x0080018a        0x0 f:/eclipse/eclipse breakdown/eclipse toolchains/winavr/bin/../lib/gcc/avr/4.3.3/avr5\libgcc.a(_pack_sf.o)
 .bss           0x0080018a        0x0 f:/eclipse/eclipse breakdown/eclipse toolchains/winavr/bin/../lib/gcc/avr/4.3.3/avr5\libgcc.a(_unpack_sf.o)
 .bss           0x0080018a        0x0 f:/eclipse/eclipse breakdown/eclipse toolchains/winavr/bin/../lib/gcc/avr/4.3.3/avr5\libgcc.a(_fpcmp_parts_sf.o)
 .bss           0x0080018a        0x0 f:/eclipse/eclipse breakdown/eclipse toolchains/winavr/bin/../lib/gcc/avr/4.3.3/avr5\libgcc.a(_clz.o)
 *(.bss*)
 .bss.Timer0_pvCallBackFuncCTCMode
                0x0080018a        0x2 ./Project/MCAL/TIMER_0/Timer0_program.o
 .bss.Timer0_pvCallBackFuncOverFlowMode
                0x0080018c        0x2 ./Project/MCAL/TIMER_0/Timer0_program.o
 .bss.Timer_u32Counter
                0x0080018e        0x4 ./Project/MCAL/TIMER_0/Timer0_program.o
                0x0080018e                Timer_u32Counter
 .bss.EXTI_pvINT0PointerToFunc
                0x00800192        0x2 ./Project/MCAL/EXTI/EXTI_program.o
                0x00800192                EXTI_pvINT0PointerToFunc
 .bss.EXTI_pvINT1PointerToFunc
                0x00800194        0x2 ./Project/MCAL/EXTI/EXTI_program.o
                0x00800194                EXTI_pvINT1PointerToFunc
 .bss.EXTI_pvINT2PointerToFunc
                0x00800196        0x2 ./Project/MCAL/EXTI/EXTI_program.o
                0x00800196                EXTI_pvINT2PointerToFunc
 .bss.Local_u8MoodState
                0x00800198        0x1 ./Project/APP/APP_program.o
                0x00800198                Local_u8MoodState
 *(COMMON)
                0x00800199                PROVIDE (__bss_end, .)
                0x00003104                __data_load_start = LOADADDR (.data)
                0x0000322e                __data_load_end = (__data_load_start + SIZEOF (.data))

.noinit         0x00800199        0x0
                0x00800199                PROVIDE (__noinit_start, .)
 *(.noinit*)
                0x00800199                PROVIDE (__noinit_end, .)
                0x00800199                _end = .
                0x00800199                PROVIDE (__heap_start, .)

.eeprom         0x00810000        0x0
 *(.eeprom*)
                0x00810000                __eeprom_end = .

.fuse
 *(.fuse)
 *(.lfuse)
 *(.hfuse)
 *(.efuse)

.lock
 *(.lock*)

.signature
 *(.signature*)

.stab           0x00000000     0x3894
 *(.stab)
 .stab          0x00000000      0x570 ./Project/MCAL/TIMER_0/Timer0_program.o
 .stab          0x00000570      0x234 ./Project/MCAL/GIE/GIE_program.o
                                0x240 (size before relaxing)
 .stab          0x000007a4      0x7f8 ./Project/MCAL/EXTI/EXTI_program.o
                                0x804 (size before relaxing)
 .stab          0x00000f9c      0xd80 ./Project/MCAL/DIO/DIO_program.o
                                0xd8c (size before relaxing)
 .stab          0x00001d1c      0x2d0 ./Project/LIB/Mapping_program.o
                                0x2dc (size before relaxing)
 .stab          0x00001fec      0x828 ./Project/HAL/SW/SW_program.o
                                0x834 (size before relaxing)
 .stab          0x00002814      0x510 ./Project/HAL/LED/Led_program.o
                                0x51c (size before relaxing)
 .stab          0x00002d24      0xa5c ./Project/APP/APP_program.o
                                0xa68 (size before relaxing)
 .stab          0x00003780      0x114 ./Project/main.o
                                0x120 (size before relaxing)

.stabstr        0x00000000     0x19bb
 *(.stabstr)
 .stabstr       0x00000000     0x19bb ./Project/MCAL/TIMER_0/Timer0_program.o

.stab.excl
 *(.stab.excl)

.stab.exclstr
 *(.stab.exclstr)

.stab.index
 *(.stab.index)

.stab.indexstr
 *(.stab.indexstr)

.comment
 *(.comment)

.debug
 *(.debug)

.line
 *(.line)

.debug_srcinfo
 *(.debug_srcinfo)

.debug_sfnames
 *(.debug_sfnames)

.debug_aranges  0x00000000      0x1a0
 *(.debug_aranges)
 .debug_aranges
                0x00000000       0x20 f:/eclipse/eclipse breakdown/eclipse toolchains/winavr/bin/../lib/gcc/avr/4.3.3/avr5\libgcc.a(_fixunssfsi.o)
 .debug_aranges
                0x00000020       0x20 f:/eclipse/eclipse breakdown/eclipse toolchains/winavr/bin/../lib/gcc/avr/4.3.3/avr5\libgcc.a(_addsub_sf.o)
 .debug_aranges
                0x00000040       0x20 f:/eclipse/eclipse breakdown/eclipse toolchains/winavr/bin/../lib/gcc/avr/4.3.3/avr5\libgcc.a(_mul_sf.o)
 .debug_aranges
                0x00000060       0x20 f:/eclipse/eclipse breakdown/eclipse toolchains/winavr/bin/../lib/gcc/avr/4.3.3/avr5\libgcc.a(_div_sf.o)
 .debug_aranges
                0x00000080       0x20 f:/eclipse/eclipse breakdown/eclipse toolchains/winavr/bin/../lib/gcc/avr/4.3.3/avr5\libgcc.a(_gt_sf.o)
 .debug_aranges
                0x000000a0       0x20 f:/eclipse/eclipse breakdown/eclipse toolchains/winavr/bin/../lib/gcc/avr/4.3.3/avr5\libgcc.a(_ge_sf.o)
 .debug_aranges
                0x000000c0       0x20 f:/eclipse/eclipse breakdown/eclipse toolchains/winavr/bin/../lib/gcc/avr/4.3.3/avr5\libgcc.a(_lt_sf.o)
 .debug_aranges
                0x000000e0       0x20 f:/eclipse/eclipse breakdown/eclipse toolchains/winavr/bin/../lib/gcc/avr/4.3.3/avr5\libgcc.a(_si_to_sf.o)
 .debug_aranges
                0x00000100       0x20 f:/eclipse/eclipse breakdown/eclipse toolchains/winavr/bin/../lib/gcc/avr/4.3.3/avr5\libgcc.a(_sf_to_si.o)
 .debug_aranges
                0x00000120       0x20 f:/eclipse/eclipse breakdown/eclipse toolchains/winavr/bin/../lib/gcc/avr/4.3.3/avr5\libgcc.a(_clzsi2.o)
 .debug_aranges
                0x00000140       0x20 f:/eclipse/eclipse breakdown/eclipse toolchains/winavr/bin/../lib/gcc/avr/4.3.3/avr5\libgcc.a(_pack_sf.o)
 .debug_aranges
                0x00000160       0x20 f:/eclipse/eclipse breakdown/eclipse toolchains/winavr/bin/../lib/gcc/avr/4.3.3/avr5\libgcc.a(_unpack_sf.o)
 .debug_aranges
                0x00000180       0x20 f:/eclipse/eclipse breakdown/eclipse toolchains/winavr/bin/../lib/gcc/avr/4.3.3/avr5\libgcc.a(_fpcmp_parts_sf.o)

.debug_pubnames
                0x00000000      0x1f0
 *(.debug_pubnames)
 .debug_pubnames
                0x00000000       0x23 f:/eclipse/eclipse breakdown/eclipse toolchains/winavr/bin/../lib/gcc/avr/4.3.3/avr5\libgcc.a(_fixunssfsi.o)
 .debug_pubnames
                0x00000023       0x2c f:/eclipse/eclipse breakdown/eclipse toolchains/winavr/bin/../lib/gcc/avr/4.3.3/avr5\libgcc.a(_addsub_sf.o)
 .debug_pubnames
                0x0000004f       0x1f f:/eclipse/eclipse breakdown/eclipse toolchains/winavr/bin/../lib/gcc/avr/4.3.3/avr5\libgcc.a(_mul_sf.o)
 .debug_pubnames
                0x0000006e       0x1f f:/eclipse/eclipse breakdown/eclipse toolchains/winavr/bin/../lib/gcc/avr/4.3.3/avr5\libgcc.a(_div_sf.o)
 .debug_pubnames
                0x0000008d       0x1e f:/eclipse/eclipse breakdown/eclipse toolchains/winavr/bin/../lib/gcc/avr/4.3.3/avr5\libgcc.a(_gt_sf.o)
 .debug_pubnames
                0x000000ab       0x1e f:/eclipse/eclipse breakdown/eclipse toolchains/winavr/bin/../lib/gcc/avr/4.3.3/avr5\libgcc.a(_ge_sf.o)
 .debug_pubnames
                0x000000c9       0x1e f:/eclipse/eclipse breakdown/eclipse toolchains/winavr/bin/../lib/gcc/avr/4.3.3/avr5\libgcc.a(_lt_sf.o)
 .debug_pubnames
                0x000000e7       0x22 f:/eclipse/eclipse breakdown/eclipse toolchains/winavr/bin/../lib/gcc/avr/4.3.3/avr5\libgcc.a(_si_to_sf.o)
 .debug_pubnames
                0x00000109       0x20 f:/eclipse/eclipse breakdown/eclipse toolchains/winavr/bin/../lib/gcc/avr/4.3.3/avr5\libgcc.a(_sf_to_si.o)
 .debug_pubnames
                0x00000129       0x22 f:/eclipse/eclipse breakdown/eclipse toolchains/winavr/bin/../lib/gcc/avr/4.3.3/avr5\libgcc.a(_thenan_sf.o)
 .debug_pubnames
                0x0000014b       0x1f f:/eclipse/eclipse breakdown/eclipse toolchains/winavr/bin/../lib/gcc/avr/4.3.3/avr5\libgcc.a(_clzsi2.o)
 .debug_pubnames
                0x0000016a       0x1f f:/eclipse/eclipse breakdown/eclipse toolchains/winavr/bin/../lib/gcc/avr/4.3.3/avr5\libgcc.a(_pack_sf.o)
 .debug_pubnames
                0x00000189       0x21 f:/eclipse/eclipse breakdown/eclipse toolchains/winavr/bin/../lib/gcc/avr/4.3.3/avr5\libgcc.a(_unpack_sf.o)
 .debug_pubnames
                0x000001aa       0x26 f:/eclipse/eclipse breakdown/eclipse toolchains/winavr/bin/../lib/gcc/avr/4.3.3/avr5\libgcc.a(_fpcmp_parts_sf.o)
 .debug_pubnames
                0x000001d0       0x20 f:/eclipse/eclipse breakdown/eclipse toolchains/winavr/bin/../lib/gcc/avr/4.3.3/avr5\libgcc.a(_clz.o)

.debug_info     0x00000000     0x240c
 *(.debug_info)
 .debug_info    0x00000000       0xb1 f:/eclipse/eclipse breakdown/eclipse toolchains/winavr/bin/../lib/gcc/avr/4.3.3/avr5\libgcc.a(_fixunssfsi.o)
 .debug_info    0x000000b1      0x47a f:/eclipse/eclipse breakdown/eclipse toolchains/winavr/bin/../lib/gcc/avr/4.3.3/avr5\libgcc.a(_addsub_sf.o)
 .debug_info    0x0000052b      0x485 f:/eclipse/eclipse breakdown/eclipse toolchains/winavr/bin/../lib/gcc/avr/4.3.3/avr5\libgcc.a(_mul_sf.o)
 .debug_info    0x000009b0      0x3fc f:/eclipse/eclipse breakdown/eclipse toolchains/winavr/bin/../lib/gcc/avr/4.3.3/avr5\libgcc.a(_div_sf.o)
 .debug_info    0x00000dac      0x27f f:/eclipse/eclipse breakdown/eclipse toolchains/winavr/bin/../lib/gcc/avr/4.3.3/avr5\libgcc.a(_gt_sf.o)
 .debug_info    0x0000102b      0x27f f:/eclipse/eclipse breakdown/eclipse toolchains/winavr/bin/../lib/gcc/avr/4.3.3/avr5\libgcc.a(_ge_sf.o)
 .debug_info    0x000012aa      0x27f f:/eclipse/eclipse breakdown/eclipse toolchains/winavr/bin/../lib/gcc/avr/4.3.3/avr5\libgcc.a(_lt_sf.o)
 .debug_info    0x00001529      0x207 f:/eclipse/eclipse breakdown/eclipse toolchains/winavr/bin/../lib/gcc/avr/4.3.3/avr5\libgcc.a(_si_to_sf.o)
 .debug_info    0x00001730      0x2b0 f:/eclipse/eclipse breakdown/eclipse toolchains/winavr/bin/../lib/gcc/avr/4.3.3/avr5\libgcc.a(_sf_to_si.o)
 .debug_info    0x000019e0      0x12c f:/eclipse/eclipse breakdown/eclipse toolchains/winavr/bin/../lib/gcc/avr/4.3.3/avr5\libgcc.a(_thenan_sf.o)
 .debug_info    0x00001b0c      0x117 f:/eclipse/eclipse breakdown/eclipse toolchains/winavr/bin/../lib/gcc/avr/4.3.3/avr5\libgcc.a(_clzsi2.o)
 .debug_info    0x00001c23      0x2df f:/eclipse/eclipse breakdown/eclipse toolchains/winavr/bin/../lib/gcc/avr/4.3.3/avr5\libgcc.a(_pack_sf.o)
 .debug_info    0x00001f02      0x251 f:/eclipse/eclipse breakdown/eclipse toolchains/winavr/bin/../lib/gcc/avr/4.3.3/avr5\libgcc.a(_unpack_sf.o)
 .debug_info    0x00002153      0x210 f:/eclipse/eclipse breakdown/eclipse toolchains/winavr/bin/../lib/gcc/avr/4.3.3/avr5\libgcc.a(_fpcmp_parts_sf.o)
 .debug_info    0x00002363       0xa9 f:/eclipse/eclipse breakdown/eclipse toolchains/winavr/bin/../lib/gcc/avr/4.3.3/avr5\libgcc.a(_clz.o)
 *(.gnu.linkonce.wi.*)

.debug_abbrev   0x00000000     0x1377
 *(.debug_abbrev)
 .debug_abbrev  0x00000000       0x5d f:/eclipse/eclipse breakdown/eclipse toolchains/winavr/bin/../lib/gcc/avr/4.3.3/avr5\libgcc.a(_fixunssfsi.o)
 .debug_abbrev  0x0000005d      0x1ea f:/eclipse/eclipse breakdown/eclipse toolchains/winavr/bin/../lib/gcc/avr/4.3.3/avr5\libgcc.a(_addsub_sf.o)
 .debug_abbrev  0x00000247      0x21b f:/eclipse/eclipse breakdown/eclipse toolchains/winavr/bin/../lib/gcc/avr/4.3.3/avr5\libgcc.a(_mul_sf.o)
 .debug_abbrev  0x00000462      0x216 f:/eclipse/eclipse breakdown/eclipse toolchains/winavr/bin/../lib/gcc/avr/4.3.3/avr5\libgcc.a(_div_sf.o)
 .debug_abbrev  0x00000678      0x15a f:/eclipse/eclipse breakdown/eclipse toolchains/winavr/bin/../lib/gcc/avr/4.3.3/avr5\libgcc.a(_gt_sf.o)
 .debug_abbrev  0x000007d2      0x15a f:/eclipse/eclipse breakdown/eclipse toolchains/winavr/bin/../lib/gcc/avr/4.3.3/avr5\libgcc.a(_ge_sf.o)
 .debug_abbrev  0x0000092c      0x15a f:/eclipse/eclipse breakdown/eclipse toolchains/winavr/bin/../lib/gcc/avr/4.3.3/avr5\libgcc.a(_lt_sf.o)
 .debug_abbrev  0x00000a86      0x148 f:/eclipse/eclipse breakdown/eclipse toolchains/winavr/bin/../lib/gcc/avr/4.3.3/avr5\libgcc.a(_si_to_sf.o)
 .debug_abbrev  0x00000bce      0x17f f:/eclipse/eclipse breakdown/eclipse toolchains/winavr/bin/../lib/gcc/avr/4.3.3/avr5\libgcc.a(_sf_to_si.o)
 .debug_abbrev  0x00000d4d       0xad f:/eclipse/eclipse breakdown/eclipse toolchains/winavr/bin/../lib/gcc/avr/4.3.3/avr5\libgcc.a(_thenan_sf.o)
 .debug_abbrev  0x00000dfa       0xc4 f:/eclipse/eclipse breakdown/eclipse toolchains/winavr/bin/../lib/gcc/avr/4.3.3/avr5\libgcc.a(_clzsi2.o)
 .debug_abbrev  0x00000ebe      0x1c0 f:/eclipse/eclipse breakdown/eclipse toolchains/winavr/bin/../lib/gcc/avr/4.3.3/avr5\libgcc.a(_pack_sf.o)
 .debug_abbrev  0x0000107e      0x154 f:/eclipse/eclipse breakdown/eclipse toolchains/winavr/bin/../lib/gcc/avr/4.3.3/avr5\libgcc.a(_unpack_sf.o)
 .debug_abbrev  0x000011d2      0x13b f:/eclipse/eclipse breakdown/eclipse toolchains/winavr/bin/../lib/gcc/avr/4.3.3/avr5\libgcc.a(_fpcmp_parts_sf.o)
 .debug_abbrev  0x0000130d       0x6a f:/eclipse/eclipse breakdown/eclipse toolchains/winavr/bin/../lib/gcc/avr/4.3.3/avr5\libgcc.a(_clz.o)

.debug_line     0x00000000     0x11d8
 *(.debug_line)
 .debug_line    0x00000000       0xa7 f:/eclipse/eclipse breakdown/eclipse toolchains/winavr/bin/../lib/gcc/avr/4.3.3/avr5\libgcc.a(_fixunssfsi.o)
 .debug_line    0x000000a7      0x2af f:/eclipse/eclipse breakdown/eclipse toolchains/winavr/bin/../lib/gcc/avr/4.3.3/avr5\libgcc.a(_addsub_sf.o)
 .debug_line    0x00000356      0x239 f:/eclipse/eclipse breakdown/eclipse toolchains/winavr/bin/../lib/gcc/avr/4.3.3/avr5\libgcc.a(_mul_sf.o)
 .debug_line    0x0000058f      0x1d5 f:/eclipse/eclipse breakdown/eclipse toolchains/winavr/bin/../lib/gcc/avr/4.3.3/avr5\libgcc.a(_div_sf.o)
 .debug_line    0x00000764       0xd3 f:/eclipse/eclipse breakdown/eclipse toolchains/winavr/bin/../lib/gcc/avr/4.3.3/avr5\libgcc.a(_gt_sf.o)
 .debug_line    0x00000837       0xd3 f:/eclipse/eclipse breakdown/eclipse toolchains/winavr/bin/../lib/gcc/avr/4.3.3/avr5\libgcc.a(_ge_sf.o)
 .debug_line    0x0000090a       0xd3 f:/eclipse/eclipse breakdown/eclipse toolchains/winavr/bin/../lib/gcc/avr/4.3.3/avr5\libgcc.a(_lt_sf.o)
 .debug_line    0x000009dd      0x135 f:/eclipse/eclipse breakdown/eclipse toolchains/winavr/bin/../lib/gcc/avr/4.3.3/avr5\libgcc.a(_si_to_sf.o)
 .debug_line    0x00000b12      0x109 f:/eclipse/eclipse breakdown/eclipse toolchains/winavr/bin/../lib/gcc/avr/4.3.3/avr5\libgcc.a(_sf_to_si.o)
 .debug_line    0x00000c1b       0x90 f:/eclipse/eclipse breakdown/eclipse toolchains/winavr/bin/../lib/gcc/avr/4.3.3/avr5\libgcc.a(_thenan_sf.o)
 .debug_line    0x00000cab       0xa5 f:/eclipse/eclipse breakdown/eclipse toolchains/winavr/bin/../lib/gcc/avr/4.3.3/avr5\libgcc.a(_clzsi2.o)
 .debug_line    0x00000d50      0x18a f:/eclipse/eclipse breakdown/eclipse toolchains/winavr/bin/../lib/gcc/avr/4.3.3/avr5\libgcc.a(_pack_sf.o)
 .debug_line    0x00000eda      0x14b f:/eclipse/eclipse breakdown/eclipse toolchains/winavr/bin/../lib/gcc/avr/4.3.3/avr5\libgcc.a(_unpack_sf.o)
 .debug_line    0x00001025      0x137 f:/eclipse/eclipse breakdown/eclipse toolchains/winavr/bin/../lib/gcc/avr/4.3.3/avr5\libgcc.a(_fpcmp_parts_sf.o)
 .debug_line    0x0000115c       0x7c f:/eclipse/eclipse breakdown/eclipse toolchains/winavr/bin/../lib/gcc/avr/4.3.3/avr5\libgcc.a(_clz.o)

.debug_frame    0x00000000      0x1c0
 *(.debug_frame)
 .debug_frame   0x00000000       0x20 f:/eclipse/eclipse breakdown/eclipse toolchains/winavr/bin/../lib/gcc/avr/4.3.3/avr5\libgcc.a(_fixunssfsi.o)
 .debug_frame   0x00000020       0x40 f:/eclipse/eclipse breakdown/eclipse toolchains/winavr/bin/../lib/gcc/avr/4.3.3/avr5\libgcc.a(_addsub_sf.o)
 .debug_frame   0x00000060       0x20 f:/eclipse/eclipse breakdown/eclipse toolchains/winavr/bin/../lib/gcc/avr/4.3.3/avr5\libgcc.a(_mul_sf.o)
 .debug_frame   0x00000080       0x20 f:/eclipse/eclipse breakdown/eclipse toolchains/winavr/bin/../lib/gcc/avr/4.3.3/avr5\libgcc.a(_div_sf.o)
 .debug_frame   0x000000a0       0x20 f:/eclipse/eclipse breakdown/eclipse toolchains/winavr/bin/../lib/gcc/avr/4.3.3/avr5\libgcc.a(_gt_sf.o)
 .debug_frame   0x000000c0       0x20 f:/eclipse/eclipse breakdown/eclipse toolchains/winavr/bin/../lib/gcc/avr/4.3.3/avr5\libgcc.a(_ge_sf.o)
 .debug_frame   0x000000e0       0x20 f:/eclipse/eclipse breakdown/eclipse toolchains/winavr/bin/../lib/gcc/avr/4.3.3/avr5\libgcc.a(_lt_sf.o)
 .debug_frame   0x00000100       0x20 f:/eclipse/eclipse breakdown/eclipse toolchains/winavr/bin/../lib/gcc/avr/4.3.3/avr5\libgcc.a(_si_to_sf.o)
 .debug_frame   0x00000120       0x20 f:/eclipse/eclipse breakdown/eclipse toolchains/winavr/bin/../lib/gcc/avr/4.3.3/avr5\libgcc.a(_sf_to_si.o)
 .debug_frame   0x00000140       0x20 f:/eclipse/eclipse breakdown/eclipse toolchains/winavr/bin/../lib/gcc/avr/4.3.3/avr5\libgcc.a(_clzsi2.o)
 .debug_frame   0x00000160       0x20 f:/eclipse/eclipse breakdown/eclipse toolchains/winavr/bin/../lib/gcc/avr/4.3.3/avr5\libgcc.a(_pack_sf.o)
 .debug_frame   0x00000180       0x20 f:/eclipse/eclipse breakdown/eclipse toolchains/winavr/bin/../lib/gcc/avr/4.3.3/avr5\libgcc.a(_unpack_sf.o)
 .debug_frame   0x000001a0       0x20 f:/eclipse/eclipse breakdown/eclipse toolchains/winavr/bin/../lib/gcc/avr/4.3.3/avr5\libgcc.a(_fpcmp_parts_sf.o)

.debug_str      0x00000000      0x2f3
 *(.debug_str)
 .debug_str     0x00000000       0xbf f:/eclipse/eclipse breakdown/eclipse toolchains/winavr/bin/../lib/gcc/avr/4.3.3/avr5\libgcc.a(_fixunssfsi.o)
                                 0xfe (size before relaxing)
 .debug_str     0x000000bf      0x14d f:/eclipse/eclipse breakdown/eclipse toolchains/winavr/bin/../lib/gcc/avr/4.3.3/avr5\libgcc.a(_addsub_sf.o)
                                0x206 (size before relaxing)
 .debug_str     0x0000020c       0x27 f:/eclipse/eclipse breakdown/eclipse toolchains/winavr/bin/../lib/gcc/avr/4.3.3/avr5\libgcc.a(_mul_sf.o)
                                0x1bf (size before relaxing)
 .debug_str     0x00000233       0x35 f:/eclipse/eclipse breakdown/eclipse toolchains/winavr/bin/../lib/gcc/avr/4.3.3/avr5\libgcc.a(_div_sf.o)
                                0x1c8 (size before relaxing)
 .debug_str     0x00000268        0x8 f:/eclipse/eclipse breakdown/eclipse toolchains/winavr/bin/../lib/gcc/avr/4.3.3/avr5\libgcc.a(_gt_sf.o)
                                0x195 (size before relaxing)
 .debug_str     0x00000270        0x8 f:/eclipse/eclipse breakdown/eclipse toolchains/winavr/bin/../lib/gcc/avr/4.3.3/avr5\libgcc.a(_ge_sf.o)
                                0x195 (size before relaxing)
 .debug_str     0x00000278        0x8 f:/eclipse/eclipse breakdown/eclipse toolchains/winavr/bin/../lib/gcc/avr/4.3.3/avr5\libgcc.a(_lt_sf.o)
                                0x195 (size before relaxing)
 .debug_str     0x00000280       0x1e f:/eclipse/eclipse breakdown/eclipse toolchains/winavr/bin/../lib/gcc/avr/4.3.3/avr5\libgcc.a(_si_to_sf.o)
                                0x17b (size before relaxing)
 .debug_str     0x0000029e        0xa f:/eclipse/eclipse breakdown/eclipse toolchains/winavr/bin/../lib/gcc/avr/4.3.3/avr5\libgcc.a(_sf_to_si.o)
                                0x19e (size before relaxing)
 .debug_str     0x00000000      0x103 f:/eclipse/eclipse breakdown/eclipse toolchains/winavr/bin/../lib/gcc/avr/4.3.3/avr5\libgcc.a(_thenan_sf.o)
 .debug_str     0x000002a8       0x20 f:/eclipse/eclipse breakdown/eclipse toolchains/winavr/bin/../lib/gcc/avr/4.3.3/avr5\libgcc.a(_clzsi2.o)
                                0x111 (size before relaxing)
 .debug_str     0x000002c8       0x10 f:/eclipse/eclipse breakdown/eclipse toolchains/winavr/bin/../lib/gcc/avr/4.3.3/avr5\libgcc.a(_pack_sf.o)
                                0x19d (size before relaxing)
 .debug_str     0x000002d8        0xb f:/eclipse/eclipse breakdown/eclipse toolchains/winavr/bin/../lib/gcc/avr/4.3.3/avr5\libgcc.a(_unpack_sf.o)
                                0x17f (size before relaxing)
 .debug_str     0x000002e3       0x10 f:/eclipse/eclipse breakdown/eclipse toolchains/winavr/bin/../lib/gcc/avr/4.3.3/avr5\libgcc.a(_fpcmp_parts_sf.o)
                                0x163 (size before relaxing)
 .debug_str     0x00000000       0xf4 f:/eclipse/eclipse breakdown/eclipse toolchains/winavr/bin/../lib/gcc/avr/4.3.3/avr5\libgcc.a(_clz.o)

.debug_loc      0x00000000      0x9ce
 *(.debug_loc)
 .debug_loc     0x00000000       0x34 f:/eclipse/eclipse breakdown/eclipse toolchains/winavr/bin/../lib/gcc/avr/4.3.3/avr5\libgcc.a(_fixunssfsi.o)
 .debug_loc     0x00000034      0x32a f:/eclipse/eclipse breakdown/eclipse toolchains/winavr/bin/../lib/gcc/avr/4.3.3/avr5\libgcc.a(_addsub_sf.o)
 .debug_loc     0x0000035e      0x104 f:/eclipse/eclipse breakdown/eclipse toolchains/winavr/bin/../lib/gcc/avr/4.3.3/avr5\libgcc.a(_mul_sf.o)
 .debug_loc     0x00000462       0xc0 f:/eclipse/eclipse breakdown/eclipse toolchains/winavr/bin/../lib/gcc/avr/4.3.3/avr5\libgcc.a(_div_sf.o)
 .debug_loc     0x00000522       0x3c f:/eclipse/eclipse breakdown/eclipse toolchains/winavr/bin/../lib/gcc/avr/4.3.3/avr5\libgcc.a(_gt_sf.o)
 .debug_loc     0x0000055e       0x3c f:/eclipse/eclipse breakdown/eclipse toolchains/winavr/bin/../lib/gcc/avr/4.3.3/avr5\libgcc.a(_ge_sf.o)
 .debug_loc     0x0000059a       0x3c f:/eclipse/eclipse breakdown/eclipse toolchains/winavr/bin/../lib/gcc/avr/4.3.3/avr5\libgcc.a(_lt_sf.o)
 .debug_loc     0x000005d6       0xac f:/eclipse/eclipse breakdown/eclipse toolchains/winavr/bin/../lib/gcc/avr/4.3.3/avr5\libgcc.a(_si_to_sf.o)
 .debug_loc     0x00000682       0x7e f:/eclipse/eclipse breakdown/eclipse toolchains/winavr/bin/../lib/gcc/avr/4.3.3/avr5\libgcc.a(_sf_to_si.o)
 .debug_loc     0x00000700       0x94 f:/eclipse/eclipse breakdown/eclipse toolchains/winavr/bin/../lib/gcc/avr/4.3.3/avr5\libgcc.a(_clzsi2.o)
 .debug_loc     0x00000794      0x13e f:/eclipse/eclipse breakdown/eclipse toolchains/winavr/bin/../lib/gcc/avr/4.3.3/avr5\libgcc.a(_pack_sf.o)
 .debug_loc     0x000008d2       0xac f:/eclipse/eclipse breakdown/eclipse toolchains/winavr/bin/../lib/gcc/avr/4.3.3/avr5\libgcc.a(_unpack_sf.o)
 .debug_loc     0x0000097e       0x50 f:/eclipse/eclipse breakdown/eclipse toolchains/winavr/bin/../lib/gcc/avr/4.3.3/avr5\libgcc.a(_fpcmp_parts_sf.o)

.debug_macinfo
 *(.debug_macinfo)
OUTPUT(ReNile_Task_V1_TEST.elf elf32-avr)
LOAD linker stubs

.debug_ranges   0x00000000       0x50
 .debug_ranges  0x00000000       0x50 f:/eclipse/eclipse breakdown/eclipse toolchains/winavr/bin/../lib/gcc/avr/4.3.3/avr5\libgcc.a(_mul_sf.o)
